
> client@1.0.0 build
> vite build

[36mvite v5.4.21 [32mbuilding for production...[36m[39m
transforming...
[32mΓ£ô[39m 2230 modules transformed.
node.exe : [31mx[39m Build failed in 3.24s
At C:\Program Files\nodejs\npm.ps1:29 char:3
+   & $NODE_EXE $NPM_CLI_JS $args
+   ~~~~~~~~~~~~~~~~~~~~~~~~~~~~~
    + CategoryInfo          : NotSpecified: ([31mx[39m Build failed in 3.24s:String) [], RemoteException
    + FullyQualifiedErrorId : NativeCommandError
 
[31merror during build:
[31msrc/pages/auth/Login.jsx (5:38): "Chrome" is not exported by 
"../node_modules/lucide-react/dist/esm/lucide-react.js", imported by "src/pages/auth/Login.jsx".[31m
file: [36mC:/Users/abhii/Desktop/Projects/SRP/client/src/pages/auth/Login.jsx:5:38[31m
[33m
3: import { Link, useNavigate } from 'react-router-dom';
4: import { motion } from 'framer-motion';
5: import { Mail, Lock, Zap, ArrowRight, Chrome, Star } from 'lucide-react';
                                         ^
6: import { auth } from '../../firebase/config';
7: import Input from '../../components/ui/Input';
[31m
    at getRollupError 
(file:///C:/Users/abhii/Desktop/Projects/SRP/node_modules/rollup/dist/es/shared/parseAst.js:406:41)
    at error (file:///C:/Users/abhii/Desktop/Projects/SRP/node_modules/rollup/dist/es/shared/parseAst.js:402:42)
    at Module.error 
(file:///C:/Users/abhii/Desktop/Projects/SRP/node_modules/rollup/dist/es/shared/node-entry.js:17380:16)
    at Module.traceVariable 
(file:///C:/Users/abhii/Desktop/Projects/SRP/node_modules/rollup/dist/es/shared/node-entry.js:17813:29)
    at ModuleScope.findVariable 
(file:///C:/Users/abhii/Desktop/Projects/SRP/node_modules/rollup/dist/es/shared/node-entry.js:15403:39)
    at FunctionScope.findVariable 
(file:///C:/Users/abhii/Desktop/Projects/SRP/node_modules/rollup/dist/es/shared/node-entry.js:5676:38)
    at FunctionBodyScope.findVariable 
(file:///C:/Users/abhii/Desktop/Projects/SRP/node_modules/rollup/dist/es/shared/node-entry.js:5676:38)
    at Identifier.bind 
(file:///C:/Users/abhii/Desktop/Projects/SRP/node_modules/rollup/dist/es/shared/node-entry.js:5450:40)
    at CallExpression.bind 
(file:///C:/Users/abhii/Desktop/Projects/SRP/node_modules/rollup/dist/es/shared/node-entry.js:2828:28)
    at CallExpression.bind 
(file:///C:/Users/abhii/Desktop/Projects/SRP/node_modules/rollup/dist/es/shared/node-entry.js:12512:15)[39m
npm error Lifecycle script `build` failed with error:
npm error code 1
npm error path C:\Users\abhii\Desktop\Projects\SRP\client
npm error workspace client@1.0.0
npm error location C:\Users\abhii\Desktop\Projects\SRP\client
npm error command failed
npm error command C:\WINDOWS\system32\cmd.exe /d /s /c vite build
